 
****************************************
check_design summary:
Version:     R-2020.09-SP5
Date:        Mon Apr 25 08:55:14 2022
****************************************

                   Name                                            Total
--------------------------------------------------------------------------------
Inputs/Outputs                                                     22
    Unconnected ports (LINT-28)                                    22
--------------------------------------------------------------------------------

Warning: In design 'fma16', port 'x[15]' is not connected to any nets. (LINT-28)
Warning: In design 'fma16', port 'x[14]' is not connected to any nets. (LINT-28)
Warning: In design 'fma16', port 'x[13]' is not connected to any nets. (LINT-28)
Warning: In design 'fma16', port 'x[12]' is not connected to any nets. (LINT-28)
Warning: In design 'fma16', port 'x[11]' is not connected to any nets. (LINT-28)
Warning: In design 'fma16', port 'x[10]' is not connected to any nets. (LINT-28)
Warning: In design 'fma16', port 'x[9]' is not connected to any nets. (LINT-28)
Warning: In design 'fma16', port 'x[8]' is not connected to any nets. (LINT-28)
Warning: In design 'fma16', port 'y[15]' is not connected to any nets. (LINT-28)
Warning: In design 'fma16', port 'y[14]' is not connected to any nets. (LINT-28)
Warning: In design 'fma16', port 'y[13]' is not connected to any nets. (LINT-28)
Warning: In design 'fma16', port 'y[12]' is not connected to any nets. (LINT-28)
Warning: In design 'fma16', port 'y[11]' is not connected to any nets. (LINT-28)
Warning: In design 'fma16', port 'y[10]' is not connected to any nets. (LINT-28)
Warning: In design 'fma16', port 'y[9]' is not connected to any nets. (LINT-28)
Warning: In design 'fma16', port 'y[8]' is not connected to any nets. (LINT-28)
Warning: In design 'fma16', port 'mul' is not connected to any nets. (LINT-28)
Warning: In design 'fma16', port 'add' is not connected to any nets. (LINT-28)
Warning: In design 'fma16', port 'negr' is not connected to any nets. (LINT-28)
Warning: In design 'fma16', port 'negz' is not connected to any nets. (LINT-28)
Warning: In design 'fma16', port 'roundmode[1]' is not connected to any nets. (LINT-28)
Warning: In design 'fma16', port 'roundmode[0]' is not connected to any nets. (LINT-28)
1
